<html><head>
    <title>Page should not be displayed!</title>
    <link rel="preload" href="https://stackpath.bootstrapcdn.com/font-awesome/4.7.0/css/font-awesome.min.css" crossorigin="anonymous" as="style">
    <link rel="preload" href="/style.css" as="style">
    <link rel="preload" href="/css/button.css" as="style">
    <link rel="canonical" href="blah">
  <style>
  @import url(https://fonts.googleapis.com/css?family=Asap:400,700,400italic,700italic);
</style>
<style>
/*!
 *  Font Awesome 4.7.0 by @davegandy - http://fontawesome.io - @fontawesome
 *  License - http://fontawesome.io/license (Font: SIL OFL 1.1, CSS: MIT License)
 */@font-face{font-family:FontAwesome;src:url(../fonts/fontawesome-webfont.eot?v=4.7.0);src:url(../fonts/fontawesome-webfont.eot?#iefix&v=4.7.0) format('embedded-opentype'),url(../fonts/fontawesome-webfont.woff2?v=4.7.0) format('woff2'),url(../fonts/fontawesome-webfont.woff?v=4.7.0) format('woff'),url(../fonts/fontawesome-webfont.ttf?v=4.7.0) format('truetype'),url(../fonts/fontawesome-webfont.svg?v=4.7.0#fontawesomeregular) format('svg');font-weight:400;font-style:normal}.fa{display:inline-block;font:normal normal normal 14px/1 FontAwesome;font-size:inherit;text-rendering:auto;-webkit-font-smoothing:antialiased;-moz-osx-font-smoothing:grayscale}.fa-lg{font-size:1.33333333em;line-height:.75em;vertical-align:-15%}.fa-2x{font-size:2em}.fa-3x{font-size:3em}.fa-4x{font-size:4em}.fa-5x{font-size:5em}@-webkit-keyframes fa-spin{0%{-webkit-transform:rotate(0);transform:rotate(0)}100%{-webkit-transform:rotate(359deg);transform:rotate(359deg)}}@keyframes fa-spin{0%{-webkit-transform:rotate(0);transform:rotate(0)}100%{-webkit-transform:rotate(359deg);transform:rotate(359deg)}}.fa-camera:before{content:"\f030"}.fa-font:before{content:"\f031"}.fa-camera-retro:before{content:"\f083"}.fa-link:before{content:"\f0c1"}.fa-html5:before{content:"\f13b"}.fa-css3:before{content:"\f13c"}.fa-fa:before,.fa-font-awesome:before{content:"\f2b4"}.fa-5x{background-color:#000}button{background-color:#fff}button{color:red}
</style>
</head>
  <body>
    <i class="fa fa-camera-retro fa-lg"></i> fa-lg
    <i class="fa fa-camera-retro fa-2x"></i> fa-2x
    <i class="fa fa-camera-retro fa-3x"></i> fa-3x
    <i class="fa fa-camera-retro fa-4x"></i> fa-4x
    <i class="fa fa-camera-retro fa-5x"></i> fa-5x
    <button>Button</button>
  
<style>
  @import "https://stackpath.bootstrapcdn.com/font-awesome/4.7.0/css/font-awesome.min.css";
  @import "/style.css";
  @import "/css/button.css";
</style>
</body></html>